cuda-12.8 loaded successful
[sbatch] dataset=musique resume=1 node=d1n41a21g02 job=166256
[sbatch] resuming from iteration:
50
0, NVIDIA A800-SXM4-80GB, 81920 MiB
1, NVIDIA A800-SXM4-80GB, 81920 MiB
2, NVIDIA A800-SXM4-80GB, 81920 MiB
3, NVIDIA A800-SXM4-80GB, 81920 MiB
[17:43:48] checking vendored files
[vendor] MISSING SOURCE: /data/run01/scwb515/yangrunde/src/protocol_json.py
[vendor] MISSING SOURCE: /data/run01/scwb515/yangrunde/gsm/src/data.py
[vendor] MISSING SOURCE: /data/run01/scwb515/yangrunde/gsm/src/grader.py
[vendor] MISSING SOURCE: /data/run01/scwb515/yangrunde/gsm/src/agents.py
[vendor] MISSING SOURCE: /data/run01/scwb515/yangrunde/src/math_eval.py
[vendor] MISSING SOURCE: /data/run01/scwb515/yangrunde/src/data.py
[vendor] MISSING SOURCE: /data/run01/scwb515/yangrunde/src/grader.py
[vendor] MISSING SOURCE: /data/run01/scwb515/yangrunde/conifer_training_hub/02_protocol/conifer_protocol.py
[vendor] MISSING SOURCE: /data/run01/scwb515/yangrunde/conifer_training_hub/04_judge/conifer_scoring.py
[vendor] MISSING SOURCE: /data/run01/scwb515/yangrunde/Code/MultiPL-E/scripts/multipl_e_completion_adapter.py
[vendor] MISSING SOURCE: /data/run01/scwb515/yangrunde/experiments/math_rl_mas_thinking/build_eval_shard_root.py
[vendor] MISSING SOURCE: /data/run01/scwb515/yangrunde/scripts/math_gpu_guard.sh
[vendor] FAILED to excerpt OLD_SFT_SYSTEM_PROMPT_TEMPLATE from scripts/run_sft_old_protocol.py
[vendor] checked 0/12 files into /data/run01/scwb515/yangrunde/atgrpo_baseline/vendor
[17:43:48] WARNING: vendored files differ from upstream (see message above)
[17:43:48] checking interpreters
[W920 17:44:03.515674446 AllocatorConfig.cpp:28] Warning: PYTORCH_CUDA_ALLOC_CONF is deprecated, use PYTORCH_ALLOC_CONF instead (function operator())
[17:44:04] validating config
  task=musique K=8 branch=spine B=24 gpu_plan=split31 lora_naming=inplace prefix_cache=False
[17:44:04] checking model directories
[17:44:04] training: musique
[train] max_model_len override -> 16384
[train] A1 -> cuda:3 (resume /data/home/scwb515/run/yangrunde/atgrpo_baseline/runs/musique/paracloud_v1/adapters/A1/iter_0049)
Loading checkpoint shards:   0%|          | 0/2 [00:00<?, ?it/s]Loading checkpoint shards: 100%|██████████| 2/2 [00:00<00:00, 79.90it/s]
[train] A2 -> cuda:3 (resume /data/home/scwb515/run/yangrunde/atgrpo_baseline/runs/musique/paracloud_v1/adapters/A2/iter_0049)
Loading checkpoint shards:   0%|          | 0/3 [00:00<?, ?it/s]Loading checkpoint shards: 100%|██████████| 3/3 [00:00<00:00, 94.79it/s]
[train] A3 -> cuda:3 (resume /data/home/scwb515/run/yangrunde/atgrpo_baseline/runs/musique/paracloud_v1/adapters/A3/iter_0049)
Loading checkpoint shards:   0%|          | 0/5 [00:00<?, ?it/s]Loading checkpoint shards: 100%|██████████| 5/5 [00:00<00:00, 156.73it/s]
[17:45:40] pool: 19938 prompts
[17:45:40] resumed at iteration 50
`use_cache=True` is incompatible with gradient checkpointing. Setting `use_cache=False`.
/data/run01/scwb515/yangrunde/atgrpo_baseline/atgrpo/trainer.py:315: UserWarning: Converting a tensor with requires_grad=True to a scalar may lead to unexpected behavior.
Consider using tensor.detach() first. (Triggered internally at /pytorch/torch/csrc/autograd/generated/python_variable_methods.cpp:836.)
  totals["loss"] += float(loss)
[17:59:19] iter 50: reward=0.4861 degenerate=51/72 rows=[A1:27 A2:36 A3:38] 818.4s
[18:11:02] iter 51: reward=0.2951 degenerate=54/72 rows=[A1:54 A2:40 A3:0] 702.2s
[18:23:36] iter 52: reward=0.3663 degenerate=51/72 rows=[A1:66 A2:36 A3:19] 754.7s
[18:36:12] iter 53: reward=0.5052 degenerate=55/72 rows=[A1:24 A2:54 A3:8] 755.6s
[18:49:50] iter 54: reward=0.1875 degenerate=57/72 rows=[A1:22 A2:23 A3:20] 818.1s
[19:03:38] iter 55: reward=0.5208 degenerate=47/72 rows=[A1:58 A2:70 A3:15] 827.5s
[19:15:25] iter 56: reward=0.4462 degenerate=63/72 rows=[A1:25 A2:15 A3:0] 707.2s
[19:28:07] iter 57: reward=0.3750 degenerate=57/72 rows=[A1:30 A2:31 A3:15] 762.3s
[19:40:41] iter 58: reward=0.4722 degenerate=50/72 rows=[A1:56 A2:52 A3:6] 754.2s
[19:56:07] iter 59: reward=0.3646 degenerate=42/72 rows=[A1:57 A2:68 A3:32] 925.2s
[20:11:23] iter 60: reward=0.2812 degenerate=48/72 rows=[A1:57 A2:74 A3:24] 915.6s
[20:25:02] iter 61: reward=0.3681 degenerate=49/72 rows=[A1:29 A2:48 A3:31] 819.6s
[20:37:36] iter 62: reward=0.4844 degenerate=51/72 rows=[A1:26 A2:63 A3:15] 753.4s
[20:50:46] iter 63: reward=0.5243 degenerate=57/72 rows=[A1:34 A2:42 A3:11] 790.3s
[21:04:02] iter 64: reward=0.4184 degenerate=56/72 rows=[A1:27 A2:42 A3:8] 796.2s
[21:16:18] iter 65: reward=0.3281 degenerate=55/72 rows=[A1:46 A2:32 A3:8] 736.1s
[21:28:08] iter 66: reward=0.3750 degenerate=62/72 rows=[A1:35 A2:8 A3:6] 709.8s
[21:40:00] iter 67: reward=0.6337 degenerate=54/72 rows=[A1:41 A2:41 A3:12] 711.5s
[21:50:56] iter 68: reward=0.4410 degenerate=60/72 rows=[A1:38 A2:20 A3:0] 656.0s
[22:03:20] iter 69: reward=0.2847 degenerate=56/72 rows=[A1:23 A2:46 A3:4] 744.1s
[22:16:08] iter 70: reward=0.3993 degenerate=51/72 rows=[A1:34 A2:54 A3:17] 767.3s
[22:30:20] iter 71: reward=0.3472 degenerate=49/72 rows=[A1:27 A2:63 A3:22] 852.3s
[22:43:22] iter 72: reward=0.4965 degenerate=45/72 rows=[A1:26 A2:75 A3:29] 781.5s
[22:55:30] iter 73: reward=0.5330 degenerate=53/72 rows=[A1:48 A2:37 A3:29] 728.6s
[23:07:41] iter 74: reward=0.3958 degenerate=54/72 rows=[A1:46 A2:34 A3:15] 730.4s
[23:20:35] iter 75: reward=0.5243 degenerate=52/72 rows=[A1:44 A2:64 A3:14] 774.2s
[23:33:12] iter 76: reward=0.3681 degenerate=55/72 rows=[A1:25 A2:38 A3:0] 756.9s
[23:45:01] iter 77: reward=0.5330 degenerate=54/72 rows=[A1:60 A2:31 A3:0] 708.8s
[23:58:43] iter 78: reward=0.5642 degenerate=54/72 rows=[A1:40 A2:52 A3:3] 821.4s
[00:12:22] iter 79: reward=0.3924 degenerate=51/72 rows=[A1:54 A2:37 A3:29] 819.7s
[00:24:05] iter 80: reward=0.2083 degenerate=63/72 rows=[A1:24 A2:23 A3:8] 702.8s
[00:36:34] iter 81: reward=0.3003 degenerate=58/72 rows=[A1:53 A2:21 A3:0] 748.2s
[00:48:47] iter 82: reward=0.3819 degenerate=58/72 rows=[A1:33 A2:43 A3:12] 733.0s
[01:00:22] iter 83: reward=0.5000 degenerate=57/72 rows=[A1:47 A2:40 A3:8] 695.2s
[01:13:15] iter 84: reward=0.4062 degenerate=53/72 rows=[A1:45 A2:48 A3:16] 772.7s
[01:25:26] iter 85: reward=0.2465 degenerate=57/72 rows=[A1:43 A2:22 A3:6] 731.5s
[01:37:53] iter 86: reward=0.4097 degenerate=56/72 rows=[A1:47 A2:37 A3:15] 746.9s
[01:51:40] iter 87: reward=0.3090 degenerate=50/72 rows=[A1:45 A2:46 A3:15] 826.5s
[02:03:55] iter 88: reward=0.3542 degenerate=57/72 rows=[A1:33 A2:40 A3:24] 734.4s
[02:15:08] iter 89: reward=0.4635 degenerate=61/72 rows=[A1:18 A2:29 A3:0] 673.7s
[02:27:24] iter 90: reward=0.4549 degenerate=59/72 rows=[A1:42 A2:32 A3:8] 735.5s
[02:39:38] iter 91: reward=0.3542 degenerate=54/72 rows=[A1:33 A2:56 A3:8] 734.0s
[02:50:10] iter 92: reward=0.4167 degenerate=61/72 rows=[A1:25 A2:29 A3:0] 632.4s
[03:02:51] iter 93: reward=0.3212 degenerate=60/72 rows=[A1:29 A2:29 A3:0] 759.9s
[03:15:41] iter 94: reward=0.4566 degenerate=48/72 rows=[A1:38 A2:64 A3:17] 770.1s
[03:28:09] iter 95: reward=0.3455 degenerate=55/72 rows=[A1:47 A2:47 A3:8] 748.3s
[03:40:46] iter 96: reward=0.2778 degenerate=55/72 rows=[A1:37 A2:41 A3:13] 756.9s
[03:54:29] iter 97: reward=0.5382 degenerate=43/72 rows=[A1:72 A2:78 A3:7] 822.7s
[04:05:56] iter 98: reward=0.4948 degenerate=60/72 rows=[A1:34 A2:30 A3:7] 687.2s
[04:20:14] iter 99: reward=0.4549 degenerate=43/72 rows=[A1:47 A2:60 A3:31] 857.2s
[04:31:42] iter 100: reward=0.4722 degenerate=55/72 rows=[A1:47 A2:21 A3:8] 687.8s
[04:44:18] iter 101: reward=0.4462 degenerate=57/72 rows=[A1:33 A2:36 A3:0] 756.4s
[04:55:25] iter 102: reward=0.4462 degenerate=60/72 rows=[A1:34 A2:32 A3:0] 667.1s
[05:08:05] iter 103: reward=0.3490 degenerate=58/72 rows=[A1:24 A2:38 A3:10] 759.4s
[05:20:31] iter 104: reward=0.3767 degenerate=55/72 rows=[A1:27 A2:56 A3:19] 745.6s
[05:32:25] iter 105: reward=0.2587 degenerate=65/72 rows=[A1:22 A2:15 A3:0] 714.7s
[05:44:42] iter 106: reward=0.3628 degenerate=55/72 rows=[A1:47 A2:23 A3:20] 736.4s
[05:57:25] iter 107: reward=0.2951 degenerate=54/72 rows=[A1:61 A2:48 A3:4] 763.5s
[06:09:32] iter 108: reward=0.3819 degenerate=57/72 rows=[A1:33 A2:38 A3:0] 726.1s
[06:21:10] iter 109: reward=0.4878 degenerate=51/72 rows=[A1:48 A2:41 A3:14] 698.8s
[06:34:25] iter 110: reward=0.5330 degenerate=45/72 rows=[A1:60 A2:72 A3:31] 794.6s
[06:47:30] iter 111: reward=0.4115 degenerate=50/72 rows=[A1:36 A2:69 A3:8] 784.2s
[07:00:33] iter 112: reward=0.4462 degenerate=48/72 rows=[A1:45 A2:50 A3:15] 783.7s
[07:11:58] iter 113: reward=0.5278 degenerate=52/72 rows=[A1:43 A2:48 A3:8] 684.2s
[07:25:00] iter 114: reward=0.4913 degenerate=53/72 rows=[A1:42 A2:64 A3:16] 782.0s
[07:38:03] iter 115: reward=0.3872 degenerate=47/72 rows=[A1:54 A2:62 A3:13] 782.9s
[07:50:03] iter 116: reward=0.4236 degenerate=53/72 rows=[A1:42 A2:40 A3:8] 720.3s
[08:01:39] iter 117: reward=0.4306 degenerate=56/72 rows=[A1:27 A2:40 A3:6] 695.9s
[08:14:47] iter 118: reward=0.3681 degenerate=48/72 rows=[A1:44 A2:68 A3:16] 787.7s
[08:27:39] iter 119: reward=0.3438 degenerate=50/72 rows=[A1:29 A2:77 A3:16] 772.1s
done: /data/home/scwb515/run/yangrunde/atgrpo_baseline/runs/musique/paracloud_v1
[W921 08:27:42.268952306 AllocatorConfig.cpp:28] Warning: PYTORCH_CUDA_ALLOC_CONF is deprecated, use PYTORCH_ALLOC_CONF instead (function operator())
[08:27:43] evaluating: musique
[eval] completed 1/2417 problems
[eval] completed 48/2417 problems
[eval] completed 96/2417 problems
[eval] completed 144/2417 problems
[eval] completed 192/2417 problems
[eval] completed 240/2417 problems
[eval] completed 288/2417 problems
[eval] completed 336/2417 problems
[eval] completed 384/2417 problems
[eval] completed 432/2417 problems
[eval] completed 480/2417 problems
[eval] completed 528/2417 problems
[eval] completed 576/2417 problems
[eval] completed 624/2417 problems
[eval] completed 672/2417 problems
[eval] completed 720/2417 problems
[eval] completed 768/2417 problems
[eval] completed 816/2417 problems
[eval] completed 864/2417 problems
[eval] completed 912/2417 problems
[eval] completed 960/2417 problems
[eval] completed 1008/2417 problems
[eval] completed 1056/2417 problems
[eval] completed 1104/2417 problems
[eval] completed 1152/2417 problems
[eval] completed 1200/2417 problems
[eval] completed 1248/2417 problems
[eval] completed 1296/2417 problems
[eval] completed 1344/2417 problems
[eval] completed 1392/2417 problems
[eval] completed 1440/2417 problems
[eval] completed 1488/2417 problems
[eval] completed 1536/2417 problems
[eval] completed 1584/2417 problems
[eval] completed 1632/2417 problems
[eval] completed 1680/2417 problems
[eval] completed 1728/2417 problems
[eval] completed 1776/2417 problems
[eval] completed 1824/2417 problems
[eval] completed 1872/2417 problems
[eval] completed 1920/2417 problems
[eval] completed 1968/2417 problems
[eval] completed 2016/2417 problems
[eval] completed 2064/2417 problems
[eval] completed 2112/2417 problems
[eval] completed 2160/2417 problems
[eval] completed 2208/2417 problems
[eval] completed 2256/2417 problems
[eval] completed 2304/2417 problems
[eval] completed 2352/2417 problems
[eval] completed 2400/2417 problems
[eval] completed 2417/2417 problems
[trained] em = 0.41539098055440626
wrote /data/home/scwb515/run/yangrunde/atgrpo_baseline/runs/musique/paracloud_v1/eval/last/summary.json
[10:20:31] done: musique
[sbatch] finished dataset=musique rc=0
