Role phase A2: queued=64 max_concurrency=64 generation_seed=42 enable_thinking=True json_transport=none
  response_format=null
  [1/64] id=gsm_00115 action=confirm_stop next=- status=done rate=0.04/s
  [2/64] id=gsm_00062 action=confirm_stop next=- status=done rate=0.08/s
  [3/64] id=gsm_00117 action=confirm_stop next=- status=done rate=0.09/s
  [4/64] id=gsm_00005 action=confirm_stop next=- status=done rate=0.11/s
  [5/64] id=gsm_00048 action=confirm_stop next=- status=done rate=0.11/s
  [6/64] id=gsm_00108 action=confirm_stop next=- status=done rate=0.13/s
  [7/64] id=gsm_00018 action=confirm_stop next=- status=done rate=0.15/s
  [8/64] id=gsm_00059 action=confirm_stop next=- status=done rate=0.17/s
  [9/64] id=gsm_00078 action=confirm_stop next=- status=done rate=0.18/s
  [10/64] id=gsm_00061 action=confirm_stop next=- status=done rate=0.20/s
  [11/64] id=gsm_00024 action=confirm_stop next=- status=done rate=0.22/s
  [12/64] id=gsm_00081 action=confirm_stop next=- status=done rate=0.24/s
  [13/64] id=gsm_00087 action=confirm_stop next=- status=done rate=0.25/s
  [14/64] id=gsm_00085 action=confirm_stop next=- status=done rate=0.24/s
  [15/64] id=gsm_00015 action=confirm_stop next=- status=done rate=0.24/s
  [16/64] id=gsm_00088 action=confirm_stop next=- status=done rate=0.26/s
  [17/64] id=gsm_00092 action=confirm_stop next=- status=done rate=0.24/s
  [18/64] id=gsm_00041 action=confirm_stop next=- status=done rate=0.25/s
  [19/64] id=gsm_00056 action=confirm_stop next=- status=done rate=0.25/s
  [20/64] id=gsm_00104 action=confirm_stop next=- status=done rate=0.26/s
  [21/64] id=gsm_00032 action=confirm_stop next=- status=done rate=0.27/s
  [22/64] id=gsm_00006 action=confirm_stop next=- status=done rate=0.28/s
  [23/64] id=gsm_00031 action=confirm_stop next=- status=done rate=0.29/s
  [24/64] id=gsm_00051 action=confirm_stop next=- status=done rate=0.30/s
  [25/64] id=gsm_00093 action=confirm_stop next=- status=done rate=0.31/s
  [26/64] id=gsm_00114 action=confirm_stop next=- status=done rate=0.32/s
  [27/64] id=gsm_00014 action=confirm_stop next=- status=done rate=0.33/s
  [28/64] id=gsm_00118 action=confirm_stop next=- status=done rate=0.34/s
  [29/64] id=gsm_00060 action=confirm_stop next=- status=done rate=0.35/s
  [30/64] id=gsm_00012 action=confirm_stop next=- status=done rate=0.35/s
  [31/64] id=gsm_00068 action=confirm_stop next=- status=done rate=0.36/s
  [32/64] id=gsm_00112 action=confirm_stop next=- status=done rate=0.37/s
  [33/64] id=gsm_00084 action=confirm_stop next=- status=done rate=0.38/s
  [34/64] id=gsm_00082 action=confirm_stop next=- status=done rate=0.39/s
  [35/64] id=gsm_00071 action=confirm_stop next=- status=done rate=0.39/s
  [36/64] id=gsm_00008 action=confirm_stop next=- status=done rate=0.40/s
  [37/64] id=gsm_00124 action=confirm_stop next=- status=done rate=0.41/s
  [38/64] id=gsm_00091 action=confirm_stop next=- status=done rate=0.40/s
  [39/64] id=gsm_00034 action=confirm_stop next=- status=done rate=0.40/s
  [40/64] id=gsm_00019 action=confirm_stop next=- status=done rate=0.40/s
  [41/64] id=gsm_00028 action=confirm_stop next=- status=done rate=0.40/s
  [42/64] id=gsm_00128 action=confirm_stop next=- status=done rate=0.41/s
  [43/64] id=gsm_00013 action=confirm_stop next=- status=done rate=0.41/s
  [44/64] id=gsm_00113 action=confirm_stop next=- status=done rate=0.41/s
  [45/64] id=gsm_00029 action=confirm_stop next=- status=done rate=0.41/s
  [46/64] id=gsm_00098 action=confirm_stop next=- status=done rate=0.41/s
  [47/64] id=gsm_00017 action=handoff next=A1 status=pending rate=0.40/s
  [48/64] id=gsm_00057 action=confirm_stop next=- status=done rate=0.40/s
  [49/64] id=gsm_00003 action=confirm_stop next=- status=done rate=0.41/s
  [50/64] id=gsm_00052 action=confirm_stop next=- status=done rate=0.39/s
  [51/64] id=gsm_00121 action=confirm_stop next=- status=done rate=0.38/s
  [52/64] id=gsm_00099 action=confirm_stop next=- status=done rate=0.38/s
  [53/64] id=gsm_00039 action=confirm_stop next=- status=done rate=0.38/s
  [54/64] id=gsm_00094 action=confirm_stop next=- status=done rate=0.38/s
  [55/64] id=gsm_00021 action=confirm_stop next=- status=done rate=0.39/s
  [56/64] id=gsm_00016 action=confirm_stop next=- status=done rate=0.35/s
  [57/64] id=gsm_00089 action=confirm_stop next=- status=done rate=0.35/s
  [58/64] id=gsm_00109 action=confirm_stop next=- status=done rate=0.34/s
  [59/64] id=gsm_00067 action=confirm_stop next=- status=done rate=0.32/s
  [60/64] id=gsm_00037 action=confirm_stop next=- status=done rate=0.24/s
  [61/64] id=gsm_00076 action=handoff next=A1 status=pending rate=0.12/s
  [62/64] id=gsm_00000 action=confirm_stop next=- status=done rate=0.11/s
  [63/64] id=gsm_00010 action=confirm_stop next=- status=done rate=0.05/s
  [64/64] id=gsm_00033 action=confirm_stop next=- status=done rate=0.05/s
Phase complete: agent=A2 advanced=64 pending_total=17 total_steps=300
