Role phase A1: queued=39 max_concurrency=64 generation_seed=42 enable_thinking=True json_transport=none
  response_format=null
  [1/39] id=gsm_00027 action=confirm_stop next=- status=done rate=0.07/s
  [2/39] id=gsm_00080 action=confirm_stop next=- status=done rate=0.10/s
  [3/39] id=gsm_00101 action=confirm_stop next=- status=done rate=0.14/s
  [4/39] id=gsm_00116 action=confirm_stop next=- status=done rate=0.19/s
  [5/39] id=gsm_00036 action=confirm_stop next=- status=done rate=0.21/s
  [6/39] id=gsm_00058 action=handoff next=A1 status=pending rate=0.23/s
  [7/39] id=gsm_00030 action=confirm_stop next=- status=done rate=0.24/s
  [8/39] id=gsm_00050 action=handoff next=A1 status=pending rate=0.21/s
  [9/39] id=gsm_00066 action=confirm_stop next=- status=done rate=0.22/s
  [10/39] id=gsm_00075 action=handoff next=A1 status=pending rate=0.23/s
  [11/39] id=gsm_00070 action=confirm_stop next=- status=done rate=0.23/s
  [12/39] id=gsm_00023 action=confirm_stop next=- status=done rate=0.24/s
  [13/39] id=gsm_00119 action=handoff next=A1 status=pending rate=0.25/s
  [14/39] id=gsm_00129 action=handoff next=A1 status=pending rate=0.27/s
  [15/39] id=gsm_00072 action=confirm_stop next=A1 status=done rate=0.28/s
  [16/39] id=gsm_00122 action=confirm_stop next=- status=done rate=0.28/s
  [17/39] id=gsm_00090 action=confirm_stop next=- status=done rate=0.28/s
  [18/39] id=gsm_00026 action=confirm_stop next=- status=done rate=0.29/s
  [19/39] id=gsm_00044 action=handoff next=A1 status=pending rate=0.28/s
  [20/39] id=gsm_00038 action=handoff next=A1 status=pending rate=0.28/s
  [21/39] id=gsm_00079 action=confirm_stop next=- status=done rate=0.29/s
  [22/39] id=gsm_00123 action=confirm_stop next=A1 status=done rate=0.30/s
  [23/39] id=gsm_00103 action=handoff next=A1 status=pending rate=0.31/s
  [24/39] id=gsm_00046 action=confirm_stop next=- status=done rate=0.32/s
  [25/39] id=gsm_00042 action=confirm_stop next=- status=done rate=0.33/s
  [26/39] id=gsm_00064 action=confirm_stop next=A1 status=done rate=0.33/s
  [27/39] id=gsm_00073 action=confirm_stop next=- status=done rate=0.34/s
  [28/39] id=gsm_00126 action=handoff next=A1 status=pending rate=0.35/s
  [29/39] id=gsm_00107 action=confirm_stop next=A1 status=done rate=0.36/s
  [30/39] id=gsm_00105 action=handoff next=A1 status=pending rate=0.33/s
  [31/39] id=gsm_00083 action=handoff next=A1 status=pending rate=0.33/s
  [32/39] id=gsm_00043 action=handoff next=A1 status=pending rate=0.32/s
  [33/39] id=gsm_00035 action=confirm_stop next=- status=done rate=0.31/s
  [34/39] id=gsm_00131 action=confirm_stop next=- status=done rate=0.30/s
  [35/39] id=gsm_00125 action=handoff next=A1 status=pending rate=0.27/s
  [36/39] id=gsm_00097 action=handoff next=A1 status=pending rate=0.16/s
  [37/39] id=gsm_00001 action=confirm_stop next=- status=done rate=0.08/s
  [38/39] id=gsm_00025 action=handoff next=A1 status=pending rate=0.09/s
  [39/39] id=gsm_00049 action=handoff next=A1 status=done rate=0.05/s
    error=turn 2 agent A1 failed generation quality after 2 attempts: the response was empty
    failed_attempt=1 raw_chars=0 reason=the response was empty raw_preview=''
    failed_attempt=2 raw_chars=0 reason=the response was empty raw_preview=''
Phase complete: agent=A1 advanced=39 pending_total=79 total_steps=236
