Role phase A2: queued=59 max_concurrency=64 generation_seed=42 enable_thinking=True json_transport=none
  response_format=null
  [1/59] id=gsm_00030 action=handoff next=A1 status=pending rate=0.05/s
  [2/59] id=gsm_00009 action=confirm_stop next=- status=done rate=0.08/s
  [3/59] id=gsm_00069 action=confirm_stop next=- status=done rate=0.12/s
  [4/59] id=gsm_00129 action=handoff next=A1 status=pending rate=0.13/s
  [5/59] id=gsm_00110 action=confirm_stop next=- status=done rate=0.14/s
  [6/59] id=gsm_00075 action=handoff next=A1 status=pending rate=0.17/s
  [7/59] id=gsm_00106 action=confirm_stop next=- status=done rate=0.19/s
  [8/59] id=gsm_00007 action=confirm_stop next=- status=done rate=0.16/s
  [9/59] id=gsm_00025 action=handoff next=A3 status=pending rate=0.17/s
  [10/59] id=gsm_00027 action=handoff next=A1 status=pending rate=0.17/s
  [11/59] id=gsm_00123 action=handoff next=A3 status=pending rate=0.17/s
  [12/59] id=gsm_00065 action=handoff next=A3 status=pending rate=0.18/s
  [13/59] id=gsm_00023 action=handoff next=A3 status=pending rate=0.19/s
  [14/59] id=gsm_00105 action=handoff next=A3 status=pending rate=0.18/s
  [15/59] id=gsm_00020 action=confirm_stop next=- status=done rate=0.19/s
  [16/59] id=gsm_00126 action=handoff next=A3 status=pending rate=0.20/s
  [17/59] id=gsm_00036 action=handoff next=A1 status=pending rate=0.20/s
  [18/59] id=gsm_00026 action=handoff next=A3 status=pending rate=0.20/s
  [19/59] id=gsm_00066 action=handoff next=A3 status=pending rate=0.20/s
  [20/59] id=gsm_00079 action=handoff next=A3 status=pending rate=0.21/s
  [21/59] id=gsm_00100 action=confirm_stop next=- status=done rate=0.22/s
  [22/59] id=gsm_00063 action=confirm_stop next=- status=done rate=0.23/s
  [23/59] id=gsm_00072 action=handoff next=A3 status=pending rate=0.23/s
  [24/59] id=gsm_00073 action=handoff next=A3 status=pending rate=0.24/s
  [25/59] id=gsm_00038 action=handoff next=A1 status=pending rate=0.25/s
  [26/59] id=gsm_00127 action=handoff next=A3 status=pending rate=0.25/s
  [27/59] id=gsm_00116 action=handoff next=A1 status=pending rate=0.26/s
  [28/59] id=gsm_00046 action=handoff next=A3 status=pending rate=0.26/s
  [29/59] id=gsm_00070 action=handoff next=A3 status=pending rate=0.27/s
  [30/59] id=gsm_00004 action=confirm_stop next=- status=done rate=0.27/s
  [31/59] id=gsm_00086 action=confirm_stop next=- status=done rate=0.26/s
  [32/59] id=gsm_00119 action=handoff next=A3 status=pending rate=0.27/s
  [33/59] id=gsm_00102 action=confirm_stop next=- status=done rate=0.26/s
  [34/59] id=gsm_00090 action=handoff next=A3 status=pending rate=0.26/s
  [35/59] id=gsm_00002 action=handoff next=A3 status=pending rate=0.26/s
  [36/59] id=gsm_00083 action=handoff next=A3 status=pending rate=0.25/s
  [37/59] id=gsm_00044 action=handoff next=A3 status=pending rate=0.24/s
  [38/59] id=gsm_00125 action=handoff next=A3 status=pending rate=0.24/s
  [39/59] id=gsm_00131 action=handoff next=A3 status=pending rate=0.24/s
  [40/59] id=gsm_00077 action=confirm_stop next=- status=done rate=0.25/s
  [41/59] id=gsm_00042 action=handoff next=A3 status=pending rate=0.24/s
  [42/59] id=gsm_00045 action=confirm_stop next=- status=done rate=0.25/s
  [43/59] id=gsm_00035 action=handoff next=A3 status=pending rate=0.23/s
  [44/59] id=gsm_00049 action=handoff next=A3 status=pending rate=0.23/s
  [45/59] id=gsm_00095 action=confirm_stop next=- status=done rate=0.22/s
  [46/59] id=gsm_00074 action=confirm_stop next=- status=done rate=0.22/s
  [47/59] id=gsm_00097 action=handoff next=A3 status=pending rate=0.20/s
  [48/59] id=gsm_00103 action=handoff next=A3 status=pending rate=0.20/s
  [49/59] id=gsm_00043 action=handoff next=A3 status=pending rate=0.20/s
  [50/59] id=gsm_00064 action=handoff next=A3 status=pending rate=0.15/s
  [51/59] id=gsm_00107 action=handoff next=A3 status=pending rate=0.14/s
  [52/59] id=gsm_00001 action=handoff next=A3 status=pending rate=0.13/s
  [53/59] id=gsm_00058 action=handoff next=A3 status=pending rate=0.09/s
  [54/59] id=gsm_00055 action=confirm_stop next=- status=done rate=0.04/s
  [55/59] id=gsm_00054 action=confirm_stop next=- status=done rate=0.04/s
  [56/59] id=gsm_00122 action=handoff next=A3 status=pending rate=0.04/s
  [57/59] id=gsm_00101 action=handoff next=A1 status=pending rate=0.04/s
  [58/59] id=gsm_00047 action=confirm_stop next=- status=done rate=0.03/s
  [59/59] id=gsm_00111 action=rejected_quality next=- status=done rate=0.03/s
    error=turn 0 agent A2 failed generation quality after 2 attempts: the response was empty
    failed_attempt=1 raw_chars=0 reason=the response was empty raw_preview=''
    failed_attempt=2 raw_chars=0 reason=the response was empty raw_preview=''
Phase complete: agent=A2 advanced=59 pending_total=108 total_steps=99
