Role phase A1: queued=41 max_concurrency=64 generation_seed=42 enable_thinking=True json_transport=none
  response_format=null
  [1/41] id=gsm_00022 action=confirm_stop next=- status=done rate=0.04/s
  [2/41] id=gsm_00114 action=handoff next=A3 status=pending rate=0.06/s
  [3/41] id=gsm_00096 action=confirm_stop next=- status=done rate=0.08/s
  [4/41] id=gsm_00012 action=handoff next=A3 status=pending rate=0.11/s
  [5/41] id=gsm_00014 action=handoff next=A3 status=pending rate=0.14/s
  [6/41] id=gsm_00063 action=handoff next=A2 status=pending rate=0.15/s
  [7/41] id=gsm_00117 action=handoff next=A3 status=pending rate=0.18/s
  [8/41] id=gsm_00120 action=confirm_stop next=A3 status=done rate=0.20/s
  [9/41] id=gsm_00124 action=handoff next=A3 status=pending rate=0.21/s
  [10/41] id=gsm_00110 action=handoff next=A2 status=pending rate=0.24/s
  [11/41] id=gsm_00048 action=handoff next=A3 status=pending rate=0.26/s
  [12/41] id=gsm_00018 action=handoff next=A3 status=pending rate=0.24/s
  [13/41] id=gsm_00053 action=confirm_stop next=- status=done rate=0.24/s
  [14/41] id=gsm_00009 action=handoff next=A2 status=pending rate=0.22/s
  [15/41] id=gsm_00007 action=handoff next=A2 status=pending rate=0.22/s
  [16/41] id=gsm_00092 action=handoff next=A3 status=pending rate=0.22/s
  [17/41] id=gsm_00086 action=handoff next=A2 status=pending rate=0.21/s
  [18/41] id=gsm_00029 action=handoff next=A3 status=pending rate=0.20/s
  [19/41] id=gsm_00113 action=handoff next=A3 status=pending rate=0.18/s
  [20/41] id=gsm_00118 action=handoff next=A3 status=pending rate=0.19/s
  [21/41] id=gsm_00052 action=handoff next=A3 status=pending rate=0.20/s
  [22/41] id=gsm_00008 action=handoff next=A3 status=pending rate=0.17/s
  [23/41] id=gsm_00020 action=handoff next=A2 status=pending rate=0.18/s
  [24/41] id=gsm_00021 action=handoff next=A3 status=pending rate=0.18/s
  [25/41] id=gsm_00071 action=handoff next=A3 status=pending rate=0.16/s
  [26/41] id=gsm_00100 action=handoff next=A2 status=pending rate=0.16/s
  [27/41] id=gsm_00098 action=handoff next=A3 status=pending rate=0.16/s
  [28/41] id=gsm_00128 action=handoff next=A3 status=pending rate=0.16/s
  [29/41] id=gsm_00011 action=handoff next=A3 status=pending rate=0.16/s
  [30/41] id=gsm_00081 action=handoff next=A3 status=pending rate=0.16/s
  [31/41] id=gsm_00102 action=handoff next=A2 status=pending rate=0.14/s
  [32/41] id=gsm_00040 action=confirm_stop next=- status=done rate=0.14/s
  [33/41] id=gsm_00067 action=handoff next=A3 status=pending rate=0.14/s
  [34/41] id=gsm_00077 action=handoff next=A2 status=pending rate=0.14/s
  [35/41] id=gsm_00095 action=handoff next=A2 status=pending rate=0.14/s
  [36/41] id=gsm_00037 action=handoff next=A3 status=pending rate=0.13/s
  [37/41] id=gsm_00074 action=handoff next=A2 status=pending rate=0.12/s
  [38/41] id=gsm_00004 action=handoff next=A2 status=pending rate=0.11/s
  [39/41] id=gsm_00069 action=handoff next=A2 status=pending rate=0.08/s
  [40/41] id=gsm_00045 action=handoff next=A2 status=pending rate=0.06/s
  [41/41] id=gsm_00106 action=handoff next=A2 status=pending rate=0.04/s
Phase complete: agent=A1 advanced=41 pending_total=127 total_steps=41
