Role phase A3: queued=100 max_concurrency=64 generation_seed=42 enable_thinking=True json_transport=none
  response_format=null
  [1/100] id=gsm_00052 action=handoff next=A2 status=pending rate=0.13/s
  [2/100] id=gsm_00018 action=handoff next=A2 status=pending rate=0.26/s
  [3/100] id=gsm_00079 action=handoff next=A1 status=pending rate=0.31/s
  [4/100] id=gsm_00012 action=handoff next=A2 status=pending rate=0.40/s
  [5/100] id=gsm_00046 action=handoff next=A1 status=pending rate=0.50/s
  [6/100] id=gsm_00025 action=handoff next=A1 status=pending rate=0.58/s
  [7/100] id=gsm_00048 action=handoff next=A2 status=pending rate=0.66/s
  [8/100] id=gsm_00023 action=handoff next=A1 status=pending rate=0.76/s
  [9/100] id=gsm_00070 action=handoff next=A1 status=pending rate=0.81/s
  [10/100] id=gsm_00066 action=handoff next=A1 status=pending rate=0.87/s
  [11/100] id=gsm_00049 action=handoff next=A1 status=pending rate=0.94/s
  [12/100] id=gsm_00083 action=handoff next=A1 status=pending rate=1.03/s
  [13/100] id=gsm_00072 action=handoff next=A1 status=pending rate=1.11/s
  [14/100] id=gsm_00008 action=handoff next=A2 status=pending rate=1.19/s
  [15/100] id=gsm_00035 action=handoff next=A1 status=pending rate=1.24/s
  [16/100] id=gsm_00044 action=handoff next=A1 status=pending rate=1.24/s
  [17/100] id=gsm_00081 action=handoff next=A2 status=pending rate=1.27/s
  [18/100] id=gsm_00042 action=handoff next=A1 status=pending rate=1.30/s
  [19/100] id=gsm_00001 action=handoff next=A1 status=pending rate=1.37/s
  [20/100] id=gsm_00071 action=handoff next=A2 status=pending rate=1.41/s
  [21/100] id=gsm_00037 action=handoff next=A2 status=pending rate=1.46/s
  [22/100] id=gsm_00029 action=handoff next=A2 status=pending rate=1.52/s
  [23/100] id=gsm_00058 action=handoff next=A1 status=pending rate=1.59/s
  [24/100] id=gsm_00064 action=handoff next=A1 status=pending rate=1.51/s
  [25/100] id=gsm_00067 action=handoff next=A2 status=pending rate=1.31/s
  [26/100] id=gsm_00105 action=handoff next=A1 status=pending rate=1.31/s
  [27/100] id=gsm_00103 action=handoff next=A1 status=pending rate=1.34/s
  [28/100] id=gsm_00092 action=handoff next=A2 status=pending rate=1.33/s
  [29/100] id=gsm_00098 action=handoff next=A2 status=pending rate=1.35/s
  [30/100] id=gsm_00090 action=handoff next=A1 status=pending rate=1.37/s
  [31/100] id=gsm_00117 action=handoff next=A2 status=pending rate=1.40/s
  [32/100] id=gsm_00113 action=handoff next=A2 status=pending rate=1.40/s
  [33/100] id=gsm_00107 action=handoff next=A1 status=pending rate=1.40/s
  [34/100] id=gsm_00097 action=handoff next=A1 status=pending rate=1.41/s
  [35/100] id=gsm_00085 action=handoff next=A2 status=pending rate=1.31/s
  [36/100] id=gsm_00062 action=handoff next=A2 status=pending rate=1.30/s
  [37/100] id=gsm_00123 action=handoff next=A1 status=pending rate=1.29/s
  [38/100] id=gsm_00119 action=handoff next=A1 status=pending rate=1.29/s
  [39/100] id=gsm_00124 action=handoff next=A2 status=pending rate=1.33/s
  [40/100] id=gsm_00118 action=handoff next=A2 status=pending rate=1.31/s
  [41/100] id=gsm_00122 action=handoff next=A1 status=pending rate=1.26/s
  [42/100] id=gsm_00017 action=handoff next=A2 status=pending rate=1.28/s
  [43/100] id=gsm_00059 action=handoff next=A2 status=pending rate=1.25/s
  [44/100] id=gsm_00126 action=handoff next=A1 status=pending rate=1.25/s
  [45/100] id=gsm_00131 action=handoff next=A1 status=pending rate=1.17/s
  [46/100] id=gsm_00088 action=handoff next=A2 status=pending rate=1.18/s
  [47/100] id=gsm_00125 action=handoff next=A1 status=pending rate=1.20/s
  [48/100] id=gsm_00056 action=handoff next=A2 status=pending rate=1.04/s
  [49/100] id=gsm_00076 action=handoff next=A2 status=pending rate=1.00/s
  [50/100] id=gsm_00061 action=handoff next=A2 status=pending rate=1.02/s
  [51/100] id=gsm_00024 action=handoff next=A2 status=pending rate=0.93/s
  [52/100] id=gsm_00121 action=handoff next=A2 status=pending rate=0.88/s
  [53/100] id=gsm_00005 action=handoff next=A2 status=pending rate=0.88/s
  [54/100] id=gsm_00034 action=handoff next=A2 status=pending rate=0.90/s
  [55/100] id=gsm_00065 action=confirm_stop next=- status=done rate=0.90/s
  [56/100] id=gsm_00051 action=handoff next=A2 status=pending rate=0.86/s
  [57/100] id=gsm_00078 action=handoff next=A2 status=pending rate=0.87/s
  [58/100] id=gsm_00108 action=handoff next=A2 status=pending rate=0.88/s
  [59/100] id=gsm_00016 action=handoff next=A2 status=pending rate=0.82/s
  [60/100] id=gsm_00114 action=handoff next=A2 status=pending rate=0.80/s
  [61/100] id=gsm_00043 action=handoff next=A1 status=pending rate=0.75/s
  [62/100] id=gsm_00080 action=handoff next=A1 status=pending rate=0.72/s
  [63/100] id=gsm_00091 action=handoff next=A2 status=pending rate=0.71/s
  [64/100] id=gsm_00013 action=handoff next=A2 status=pending rate=0.71/s
  [65/100] id=gsm_00014 action=handoff next=A2 status=pending rate=0.72/s
  [66/100] id=gsm_00112 action=handoff next=A2 status=pending rate=0.73/s
  [67/100] id=gsm_00006 action=handoff next=A2 status=pending rate=0.74/s
  [68/100] id=gsm_00073 action=handoff next=A1 status=pending rate=0.74/s
  [69/100] id=gsm_00011 action=confirm_stop next=- status=done rate=0.73/s
  [70/100] id=gsm_00099 action=handoff next=A2 status=pending rate=0.71/s
  [71/100] id=gsm_00039 action=handoff next=A2 status=pending rate=0.70/s
  [72/100] id=gsm_00050 action=handoff next=A1 status=pending rate=0.69/s
  [73/100] id=gsm_00032 action=handoff next=A2 status=pending rate=0.64/s
  [74/100] id=gsm_00033 action=handoff next=A2 status=pending rate=0.60/s
  [75/100] id=gsm_00031 action=handoff next=A2 status=pending rate=0.60/s
  [76/100] id=gsm_00128 action=handoff next=A2 status=pending rate=0.60/s
  [77/100] id=gsm_00057 action=handoff next=A2 status=pending rate=0.60/s
  [78/100] id=gsm_00021 action=handoff next=A2 status=pending rate=0.59/s
  [79/100] id=gsm_00003 action=handoff next=A2 status=pending rate=0.57/s
  [80/100] id=gsm_00010 action=handoff next=A2 status=pending rate=0.57/s
  [81/100] id=gsm_00104 action=handoff next=A2 status=pending rate=0.58/s
  [82/100] id=gsm_00026 action=handoff next=A1 status=pending rate=0.58/s
  [83/100] id=gsm_00082 action=handoff next=A2 status=pending rate=0.52/s
  [84/100] id=gsm_00127 action=confirm_stop next=- status=done rate=0.51/s
  [85/100] id=gsm_00015 action=handoff next=A2 status=pending rate=0.50/s
  [86/100] id=gsm_00068 action=handoff next=A2 status=pending rate=0.46/s
  [87/100] id=gsm_00094 action=handoff next=A2 status=pending rate=0.46/s
  [88/100] id=gsm_00115 action=handoff next=A2 status=pending rate=0.45/s
  [89/100] id=gsm_00109 action=handoff next=A2 status=pending rate=0.41/s
  [90/100] id=gsm_00019 action=handoff next=A2 status=pending rate=0.40/s
  [91/100] id=gsm_00093 action=handoff next=A2 status=pending rate=0.29/s
  [92/100] id=gsm_00002 action=confirm_stop next=- status=done rate=0.18/s
  [93/100] id=gsm_00084 action=handoff next=A2 status=pending rate=0.18/s
  [94/100] id=gsm_00089 action=handoff next=A2 status=pending rate=0.13/s
  [95/100] id=gsm_00060 action=handoff next=A2 status=pending rate=0.08/s
  [96/100] id=gsm_00028 action=handoff next=A2 status=pending rate=0.07/s
  [97/100] id=gsm_00000 action=handoff next=A2 status=pending rate=0.07/s
  [98/100] id=gsm_00041 action=handoff next=A2 status=pending rate=0.07/s
  [99/100] id=gsm_00087 action=handoff next=A2 status=pending rate=0.06/s
  [100/100] id=gsm_00130 action=rejected_quality next=- status=done rate=0.04/s
    error=turn 0 agent A3 failed generation quality after 2 attempts: the response was empty
    failed_attempt=1 raw_chars=0 reason=the response was empty raw_preview=''
    failed_attempt=2 raw_chars=0 reason=the response was empty raw_preview=''
Phase complete: agent=A3 advanced=100 pending_total=103 total_steps=198
