Role phase A1: queued=17 max_concurrency=64 generation_seed=42 enable_thinking=True json_transport=none
  response_format=null
  [1/17] id=gsm_00129 action=handoff next=A3 status=pending rate=0.03/s
  [2/17] id=gsm_00017 action=confirm_stop next=- status=done rate=0.04/s
  [3/17] id=gsm_00050 action=confirm_stop next=- status=done rate=0.06/s
  [4/17] id=gsm_00038 action=confirm_stop next=- status=done rate=0.07/s
  [5/17] id=gsm_00125 action=handoff next=A1 status=pending rate=0.09/s
  [6/17] id=gsm_00058 action=handoff next=A1 status=pending rate=0.10/s
  [7/17] id=gsm_00044 action=confirm_stop next=- status=done rate=0.12/s
  [8/17] id=gsm_00076 action=confirm_stop next=- status=done rate=0.12/s
  [9/17] id=gsm_00119 action=handoff next=A1 status=pending rate=0.14/s
  [10/17] id=gsm_00105 action=handoff next=A1 status=pending rate=0.14/s
  [11/17] id=gsm_00075 action=handoff next=A3 status=pending rate=0.16/s
  [12/17] id=gsm_00126 action=handoff next=A1 status=pending rate=0.17/s
  [13/17] id=gsm_00083 action=confirm_stop next=- status=done rate=0.17/s
  [14/17] id=gsm_00103 action=handoff next=A1 status=pending rate=0.15/s
  [15/17] id=gsm_00043 action=handoff next=A1 status=pending rate=0.12/s
  [16/17] id=gsm_00025 action=handoff next=A1 status=pending rate=0.11/s
  [17/17] id=gsm_00097 action=handoff next=A1 status=pending rate=0.09/s
Phase complete: agent=A1 advanced=17 pending_total=11 total_steps=317
