cuda-12.8 loaded successful
/data/run01/scwb515/yangrunde/magrpo_baseline/slurm/configs/multipl_e-4gpu-162062.yaml
running: apptainer exec --containall --cleanenv --no-mount hostfs,bind-paths --bind /data/run01/scwb515/yangrunde/magrpo_baseline/runs/container_canary/4gpu-162062/inputs:/inputs:ro --bind /data/run01/scwb515/yangrunde/magrpo_baseline/runs/container_canary/4gpu-162062/results:/outputs:rw /data/home/scwb515/run/yangrunde/magrpo_baseline/resources/containers/multipl-e-evaluation.sif python3 /code/main.py --dir /inputs --output-dir /outputs --recursive --max-workers 1
INFO:    squashfuse not found, will not be able to mount SIF or other squashfs files
INFO:    fuse2fs not found, will not be able to mount EXT3 filesystems
INFO:    gocryptfs not found, will not be able to use gocryptfs
INFO:    Converting SIF file to temporary sandbox...
  0%|          | 0/8 [00:00<?, ?it/s] 12%|█▎        | 1/8 [00:01<00:07,  1.01s/it] 25%|██▌       | 2/8 [00:01<00:03,  1.74it/s] 38%|███▊      | 3/8 [00:02<00:03,  1.45it/s] 50%|█████     | 4/8 [00:02<00:02,  1.73it/s] 62%|██████▎   | 5/8 [00:04<00:03,  1.04s/it] 75%|███████▌  | 6/8 [00:04<00:01,  1.32it/s] 88%|████████▊ | 7/8 [00:04<00:00,  1.73it/s]100%|██████████| 8/8 [00:04<00:00,  1.66it/s]
Execution took 4.842292308807373 seconds
INFO:    Cleaning up image...
py [True, False]
cpp [True, False]
java [True, False]
php [True, False]
ts [True, False]
cs [True, False]
sh [True, False]
js [True, False]
all eight runtimes accept correct and reject incorrect programs
[19:12:13] checking vendored files
[vendor] MISSING SOURCE: /data/run01/scwb515/yangrunde/src/protocol_json.py
[vendor] MISSING SOURCE: /data/run01/scwb515/yangrunde/gsm/src/data.py
[vendor] MISSING SOURCE: /data/run01/scwb515/yangrunde/gsm/src/grader.py
[vendor] MISSING SOURCE: /data/run01/scwb515/yangrunde/gsm/src/agents.py
[vendor] MISSING SOURCE: /data/run01/scwb515/yangrunde/src/math_eval.py
[vendor] MISSING SOURCE: /data/run01/scwb515/yangrunde/src/data.py
[vendor] MISSING SOURCE: /data/run01/scwb515/yangrunde/src/grader.py
[vendor] MISSING SOURCE: /data/run01/scwb515/yangrunde/conifer_training_hub/02_protocol/conifer_protocol.py
[vendor] MISSING SOURCE: /data/run01/scwb515/yangrunde/conifer_training_hub/04_judge/conifer_scoring.py
[vendor] MISSING SOURCE: /data/run01/scwb515/yangrunde/Code/MultiPL-E/scripts/multipl_e_completion_adapter.py
[vendor] MISSING SOURCE: /data/run01/scwb515/yangrunde/experiments/math_rl_mas_thinking/build_eval_shard_root.py
[vendor] MISSING SOURCE: /data/run01/scwb515/yangrunde/scripts/math_gpu_guard.sh
[vendor] FAILED to excerpt OLD_SFT_SYSTEM_PROMPT_TEMPLATE from scripts/run_sft_old_protocol.py
[vendor] checked 0/12 files into /data/run01/scwb515/yangrunde/magrpo_baseline/vendor
[19:12:13] WARNING: vendored files differ from upstream (see message above)
[19:12:13] checking interpreters
[W914 19:12:17.274771315 AllocatorConfig.cpp:28] Warning: PYTORCH_CUDA_ALLOC_CONF is deprecated, use PYTORCH_ALLOC_CONF instead (function operator())
[19:12:17] validating config
  task=multipl_e G=8 B=16 joint_mode=synchronous gpu_plan=split44 lora_naming=inplace prefix_cache=False
[19:12:17] checking model directories
[19:12:17] checking MultiPL-E Apptainer image: /data/home/scwb515/run/yangrunde/magrpo_baseline/resources/containers/multipl-e-evaluation.sif
[19:12:17] training: multipl_e
WARNING: Optimizer state is unavailable. This is a new phase with fresh optimizer, iteration counter and prompt pool; not an exact resume.
Loading checkpoint shards:   0%|          | 0/2 [00:00<?, ?it/s]Loading checkpoint shards: 100%|██████████| 2/2 [00:00<00:00, 81.86it/s]
Loading checkpoint shards:   0%|          | 0/3 [00:00<?, ?it/s]Loading checkpoint shards: 100%|██████████| 3/3 [00:00<00:00, 94.74it/s]
Loading checkpoint shards:   0%|          | 0/5 [00:00<?, ?it/s]Loading checkpoint shards: 100%|██████████| 5/5 [00:00<00:00, 156.78it/s]
[19:13:46] pool: 3128 prompts
[19:13:46] published warm-start adapters before first rollout
`use_cache=True` is incompatible with gradient checkpointing. Setting `use_cache=False`.
/data/run01/scwb515/yangrunde/magrpo_baseline/magrpo/trainer.py:300: UserWarning: Converting a tensor with requires_grad=True to a scalar may lead to unexpected behavior.
Consider using tensor.detach() first. (Triggered internally at /pytorch/torch/csrc/autograd/generated/python_variable_methods.cpp:836.)
  totals["loss"] += float(loss)
[19:44:23] iter 0: reward=0.3828 degenerate=8/16 rows=[A1:74 A2:127 A3:118] 1837.2s
[20:17:07] iter 1: reward=0.5859 degenerate=8/16 rows=[A1:71 A2:113 A3:113] 1963.9s
[20:45:24] iter 2: reward=0.4922 degenerate=6/16 rows=[A1:88 A2:145 A3:126] 1696.8s
[21:15:16] iter 3: reward=0.5391 degenerate=7/16 rows=[A1:87 A2:130 A3:127] 1791.4s
[22:06:13] iter 4: reward=0.3229 degenerate=16/24 rows=[A1:66 A2:102 A3:104] 3057.2s
[22:37:37] iter 5: reward=0.5078 degenerate=7/16 rows=[A1:82 A2:142 A3:136] 1884.3s
[23:21:53] iter 6: reward=0.4323 degenerate=15/24 rows=[A1:74 A2:128 A3:126] 2655.5s
[23:55:59] iter 7: reward=0.5312 degenerate=7/16 rows=[A1:77 A2:134 A3:134] 2045.7s
[00:43:15] iter 8: reward=0.4740 degenerate=12/24 rows=[A1:103 A2:183 A3:176] 2836.1s
[01:24:06] iter 9: reward=0.5156 degenerate=16/24 rows=[A1:73 A2:121 A3:110] 2451.4s
[01:59:37] iter 10: reward=0.4453 degenerate=8/16 rows=[A1:72 A2:117 A3:115] 2130.3s
[02:31:26] iter 11: reward=0.3984 degenerate=6/16 rows=[A1:84 A2:148 A3:146] 1909.7s
[03:23:38] iter 12: reward=0.3385 degenerate=13/24 rows=[A1:91 A2:154 A3:152] 3131.8s
[03:56:38] iter 13: reward=0.3984 degenerate=8/16 rows=[A1:78 A2:125 A3:116] 1979.7s
[04:41:09] iter 14: reward=0.4167 degenerate=14/24 rows=[A1:78 A2:141 A3:145] 2671.0s
[05:25:49] iter 15: reward=0.4167 degenerate=15/24 rows=[A1:81 A2:134 A3:130] 2680.0s
[06:27:17] iter 16: reward=0.5312 degenerate=23/32 rows=[A1:93 A2:133 A3:126] 3687.5s
[07:10:57] iter 17: reward=0.6302 degenerate=15/24 rows=[A1:84 A2:129 A3:134] 2620.4s
[07:43:16] iter 18: reward=0.2891 degenerate=8/16 rows=[A1:55 A2:117 A3:113] 1939.1s
[08:36:53] iter 19: reward=0.5039 degenerate=22/32 rows=[A1:87 A2:137 A3:144] 3216.7s
[09:05:53] iter 20: reward=0.6250 degenerate=6/16 rows=[A1:92 A2:149 A3:156] 1740.3s
[09:38:49] iter 21: reward=0.5078 degenerate=8/16 rows=[A1:72 A2:121 A3:125] 1975.5s
[10:10:49] iter 22: reward=0.6953 degenerate=8/16 rows=[A1:80 A2:119 A3:123] 1920.5s
[10:10:49] wall-clock budget reached; stopping
done: /data/home/scwb515/run/yangrunde/magrpo_baseline/runs/multipl_e/paracloud_parallel_4gpu_162062
[W915 10:10:52.691335714 AllocatorConfig.cpp:28] Warning: PYTORCH_CUDA_ALLOC_CONF is deprecated, use PYTORCH_ALLOC_CONF instead (function operator())
[10:10:53] evaluating: multipl_e
slurmstepd: error: *** JOB 162062 ON d1n41a21g02 CANCELLED AT 2026-09-15T13:03:40 ***
