cuda-12.8 loaded successful
[03:04:38] checking vendored files
[vendor] MISSING SOURCE: /data/run01/scwb515/yangrunde/src/protocol_json.py
[vendor] MISSING SOURCE: /data/run01/scwb515/yangrunde/gsm/src/data.py
[vendor] MISSING SOURCE: /data/run01/scwb515/yangrunde/gsm/src/grader.py
[vendor] MISSING SOURCE: /data/run01/scwb515/yangrunde/gsm/src/agents.py
[vendor] MISSING SOURCE: /data/run01/scwb515/yangrunde/src/math_eval.py
[vendor] MISSING SOURCE: /data/run01/scwb515/yangrunde/src/data.py
[vendor] MISSING SOURCE: /data/run01/scwb515/yangrunde/src/grader.py
[vendor] MISSING SOURCE: /data/run01/scwb515/yangrunde/conifer_training_hub/02_protocol/conifer_protocol.py
[vendor] MISSING SOURCE: /data/run01/scwb515/yangrunde/conifer_training_hub/04_judge/conifer_scoring.py
[vendor] MISSING SOURCE: /data/run01/scwb515/yangrunde/Code/MultiPL-E/scripts/multipl_e_completion_adapter.py
[vendor] MISSING SOURCE: /data/run01/scwb515/yangrunde/experiments/math_rl_mas_thinking/build_eval_shard_root.py
[vendor] MISSING SOURCE: /data/run01/scwb515/yangrunde/scripts/math_gpu_guard.sh
[vendor] FAILED to excerpt OLD_SFT_SYSTEM_PROMPT_TEMPLATE from scripts/run_sft_old_protocol.py
[vendor] checked 0/12 files into /data/run01/scwb515/yangrunde/magrpo_baseline/vendor
[03:04:38] WARNING: vendored files differ from upstream (see message above)
[03:04:38] checking interpreters
[W912 03:04:42.384847021 AllocatorConfig.cpp:28] Warning: PYTORCH_CUDA_ALLOC_CONF is deprecated, use PYTORCH_ALLOC_CONF instead (function operator())
[03:04:42] validating config
  task=math G=8 B=24 joint_mode=synchronous gpu_plan=split44 lora_naming=inplace prefix_cache=False
[03:04:42] checking model directories
[03:04:42] training: math
Loading checkpoint shards:   0%|          | 0/2 [00:00<?, ?it/s]Loading checkpoint shards: 100%|██████████| 2/2 [00:00<00:00, 81.80it/s]
Loading checkpoint shards:   0%|          | 0/3 [00:00<?, ?it/s]Loading checkpoint shards: 100%|██████████| 3/3 [00:00<00:00, 95.19it/s]
Loading checkpoint shards:   0%|          | 0/5 [00:00<?, ?it/s]Loading checkpoint shards: 100%|██████████| 5/5 [00:00<00:00, 157.42it/s]
[03:06:22] pool: 7500 prompts
`use_cache=True` is incompatible with gradient checkpointing. Setting `use_cache=False`.
/data/run01/scwb515/yangrunde/magrpo_baseline/magrpo/trainer.py:300: UserWarning: Converting a tensor with requires_grad=True to a scalar may lead to unexpected behavior.
Consider using tensor.detach() first. (Triggered internally at /pytorch/torch/csrc/autograd/generated/python_variable_methods.cpp:836.)
  totals["loss"] += float(loss)
[03:22:57] iter 0: reward=0.4792 degenerate=18/36 rows=[A1:135 A2:169 A3:180] 995.2s
[04:43:56] iter 1: reward=0.4618 degenerate=23/36 rows=[A1:114 A2:122 A3:135] 4859.2s
[05:53:33] iter 2: reward=0.6389 degenerate=22/36 rows=[A1:115 A2:150 A3:146] 4177.2s
[06:47:10] iter 3: reward=0.5208 degenerate=11/24 rows=[A1:87 A2:117 A3:130] 3216.4s
[07:40:40] iter 4: reward=0.4792 degenerate=12/24 rows=[A1:102 A2:116 A3:140] 3210.2s
[08:24:18] iter 5: reward=0.5833 degenerate=9/24 rows=[A1:115 A2:155 A3:169] 2618.3s
[09:34:52] iter 6: reward=0.5035 degenerate=21/36 rows=[A1:107 A2:132 A3:139] 4233.4s
[10:42:36] iter 7: reward=0.5208 degenerate=16/36 rows=[A1:151 A2:187 A3:213] 4064.0s
[11:39:51] iter 8: reward=0.5885 degenerate=11/24 rows=[A1:87 A2:137 A3:119] 3435.3s
[12:41:35] iter 9: reward=0.6424 degenerate=22/36 rows=[A1:83 A2:128 A3:134] 3704.0s
[13:55:49] iter 10: reward=0.5694 degenerate=16/36 rows=[A1:180 A2:205 A3:231] 4454.2s
[14:49:48] iter 11: reward=0.6562 degenerate=10/24 rows=[A1:88 A2:131 A3:132] 3238.6s
[15:54:47] iter 12: reward=0.4271 degenerate=10/24 rows=[A1:136 A2:135 A3:184] 3899.1s
[16:56:33] iter 13: reward=0.4861 degenerate=23/36 rows=[A1:57 A2:100 A3:97] 3705.3s
[17:47:54] iter 14: reward=0.4688 degenerate=12/24 rows=[A1:84 A2:136 A3:125] 3081.0s
[18:49:13] iter 15: reward=0.5278 degenerate=20/36 rows=[A1:109 A2:144 A3:171] 3679.0s
[20:09:42] iter 16: reward=0.4097 degenerate=24/36 rows=[A1:88 A2:97 A3:124] 4829.2s
[21:18:33] iter 17: reward=0.4306 degenerate=19/36 rows=[A1:108 A2:162 A3:166] 4130.9s
[22:08:46] iter 18: reward=0.5781 degenerate=11/24 rows=[A1:79 A2:147 A3:155] 3013.7s
[22:55:37] iter 19: reward=0.5104 degenerate=10/24 rows=[A1:114 A2:153 A3:135] 2810.6s
[23:59:24] iter 20: reward=0.6215 degenerate=24/36 rows=[A1:72 A2:113 A3:104] 3826.6s
[00:48:52] iter 21: reward=0.5677 degenerate=12/24 rows=[A1:68 A2:124 A3:114] 2968.0s
[01:53:49] iter 22: reward=0.5625 degenerate=21/36 rows=[A1:81 A2:154 A3:138] 3896.7s
[03:05:46] iter 23: reward=0.6111 degenerate=22/36 rows=[A1:97 A2:141 A3:123] 4316.9s
[04:09:42] iter 24: reward=0.6354 degenerate=24/36 rows=[A1:61 A2:119 A3:106] 3836.0s
[04:09:42] wall-clock budget reached; stopping
done: /data/home/scwb515/run/yangrunde/magrpo_baseline/runs/math/paracloud_parallel_160136
[W913 04:09:47.409614714 AllocatorConfig.cpp:28] Warning: PYTORCH_CUDA_ALLOC_CONF is deprecated, use PYTORCH_ALLOC_CONF instead (function operator())
[04:09:48] evaluating: math
[magrpo] em = 0.528
[base] em = 0.512
wrote /data/home/scwb515/run/yangrunde/magrpo_baseline/runs/math/paracloud_parallel_160136/eval/last/summary.json
[15:21:36] done: math
