cuda-12.8 loaded successful
[00:39:09] checking vendored files
[vendor] MISSING SOURCE: /data/run01/scwb515/yangrunde/src/protocol_json.py
[vendor] MISSING SOURCE: /data/run01/scwb515/yangrunde/gsm/src/data.py
[vendor] MISSING SOURCE: /data/run01/scwb515/yangrunde/gsm/src/grader.py
[vendor] MISSING SOURCE: /data/run01/scwb515/yangrunde/gsm/src/agents.py
[vendor] MISSING SOURCE: /data/run01/scwb515/yangrunde/src/math_eval.py
[vendor] MISSING SOURCE: /data/run01/scwb515/yangrunde/src/data.py
[vendor] MISSING SOURCE: /data/run01/scwb515/yangrunde/src/grader.py
[vendor] MISSING SOURCE: /data/run01/scwb515/yangrunde/conifer_training_hub/02_protocol/conifer_protocol.py
[vendor] MISSING SOURCE: /data/run01/scwb515/yangrunde/conifer_training_hub/04_judge/conifer_scoring.py
[vendor] MISSING SOURCE: /data/run01/scwb515/yangrunde/Code/MultiPL-E/scripts/multipl_e_completion_adapter.py
[vendor] MISSING SOURCE: /data/run01/scwb515/yangrunde/experiments/math_rl_mas_thinking/build_eval_shard_root.py
[vendor] MISSING SOURCE: /data/run01/scwb515/yangrunde/scripts/math_gpu_guard.sh
[vendor] FAILED to excerpt OLD_SFT_SYSTEM_PROMPT_TEMPLATE from scripts/run_sft_old_protocol.py
[vendor] checked 0/12 files into /data/run01/scwb515/yangrunde/magrpo_baseline/vendor
[00:39:09] WARNING: vendored files differ from upstream (see message above)
[00:39:09] checking interpreters
[W912 00:39:24.209909568 AllocatorConfig.cpp:28] Warning: PYTORCH_CUDA_ALLOC_CONF is deprecated, use PYTORCH_ALLOC_CONF instead (function operator())
[00:39:24] validating config
  task=musique G=8 B=24 joint_mode=synchronous gpu_plan=split44 lora_naming=inplace prefix_cache=False
[00:39:24] checking model directories
[00:39:24] training: musique
Loading checkpoint shards:   0%|          | 0/2 [00:00<?, ?it/s]Loading checkpoint shards: 100%|██████████| 2/2 [00:00<00:00, 81.68it/s]
Loading checkpoint shards:   0%|          | 0/3 [00:00<?, ?it/s]Loading checkpoint shards: 100%|██████████| 3/3 [00:00<00:00, 95.02it/s]
Loading checkpoint shards:   0%|          | 0/5 [00:00<?, ?it/s]Loading checkpoint shards: 100%|██████████| 5/5 [00:00<00:00, 156.25it/s]
[00:41:03] pool: 19938 prompts
`use_cache=True` is incompatible with gradient checkpointing. Setting `use_cache=False`.
/data/run01/scwb515/yangrunde/magrpo_baseline/magrpo/trainer.py:300: UserWarning: Converting a tensor with requires_grad=True to a scalar may lead to unexpected behavior.
Consider using tensor.detach() first. (Triggered internally at /pytorch/torch/csrc/autograd/generated/python_variable_methods.cpp:836.)
  totals["loss"] += float(loss)
[01:04:15] iter 0: reward=0.4635 degenerate=32/48 rows=[A1:176 A2:227 A3:219] 1391.3s
[01:56:36] iter 1: reward=0.5078 degenerate=35/48 rows=[A1:151 A2:181 A3:184] 3141.0s
[03:05:52] iter 2: reward=0.4625 degenerate=44/60 rows=[A1:188 A2:230 A3:220] 4156.5s
[03:37:56] iter 3: reward=0.5365 degenerate=12/24 rows=[A1:139 A2:173 A3:162] 1924.1s
[04:26:42] iter 4: reward=0.4297 degenerate=35/48 rows=[A1:149 A2:175 A3:163] 2925.9s
[05:11:18] iter 5: reward=0.5069 degenerate=23/36 rows=[A1:147 A2:200 A3:189] 2676.2s
[06:08:30] iter 6: reward=0.4870 degenerate=33/48 rows=[A1:161 A2:217 A3:221] 3431.8s
[06:42:05] iter 7: reward=0.3438 degenerate=11/24 rows=[A1:143 A2:161 A3:163] 2014.5s
[07:25:47] iter 8: reward=0.4861 degenerate=24/36 rows=[A1:124 A2:152 A3:145] 2622.0s
[08:22:54] iter 9: reward=0.3620 degenerate=32/48 rows=[A1:183 A2:218 A3:178] 3427.1s
[09:06:29] iter 10: reward=0.4653 degenerate=24/36 rows=[A1:145 A2:175 A3:162] 2615.0s
[09:49:35] iter 11: reward=0.2361 degenerate=23/36 rows=[A1:140 A2:162 A3:146] 2585.6s
[10:30:20] iter 12: reward=0.4097 degenerate=24/36 rows=[A1:145 A2:171 A3:165] 2444.7s
[11:23:23] iter 13: reward=0.4661 degenerate=34/48 rows=[A1:162 A2:200 A3:194] 3183.7s
[12:20:28] iter 14: reward=0.4818 degenerate=31/48 rows=[A1:185 A2:223 A3:228] 3424.7s
[13:03:52] iter 15: reward=0.4653 degenerate=23/36 rows=[A1:133 A2:187 A3:191] 2603.7s
[14:02:04] iter 16: reward=0.4792 degenerate=34/48 rows=[A1:154 A2:196 A3:199] 3492.1s
[14:46:11] iter 17: reward=0.5660 degenerate=21/36 rows=[A1:177 A2:212 A3:207] 2647.5s
[15:20:27] iter 18: reward=0.4792 degenerate=11/24 rows=[A1:147 A2:176 A3:181] 2056.0s
[16:22:50] iter 19: reward=0.4229 degenerate=45/60 rows=[A1:173 A2:201 A3:213] 3742.3s
[17:26:05] iter 20: reward=0.4375 degenerate=48/60 rows=[A1:134 A2:186 A3:168] 3795.2s
[18:15:15] iter 21: reward=0.4375 degenerate=20/36 rows=[A1:187 A2:240 A3:227] 2950.1s
[19:07:40] iter 22: reward=0.4349 degenerate=35/48 rows=[A1:144 A2:182 A3:170] 3145.2s
[19:53:39] iter 23: reward=0.5035 degenerate=21/36 rows=[A1:179 A2:222 A3:211] 2758.5s
[20:38:29] iter 24: reward=0.4965 degenerate=22/36 rows=[A1:141 A2:173 A3:179] 2689.8s
[21:33:23] iter 25: reward=0.4427 degenerate=33/48 rows=[A1:173 A2:225 A3:222] 3293.9s
[22:18:10] iter 26: reward=0.5417 degenerate=22/36 rows=[A1:159 A2:201 A3:201] 2687.9s
[23:15:39] iter 27: reward=0.5495 degenerate=31/48 rows=[A1:190 A2:239 A3:221] 3448.8s
[00:22:23] iter 28: reward=0.4500 degenerate=44/60 rows=[A1:198 A2:230 A3:219] 4003.4s
[01:20:43] iter 29: reward=0.3568 degenerate=32/48 rows=[A1:192 A2:220 A3:208] 3499.9s
[01:20:43] wall-clock budget reached; stopping
done: /data/home/scwb515/run/yangrunde/magrpo_baseline/runs/musique/paracloud_parallel_160135
[W913 01:20:46.182713751 AllocatorConfig.cpp:28] Warning: PYTORCH_CUDA_ALLOC_CONF is deprecated, use PYTORCH_ALLOC_CONF instead (function operator())
[01:20:47] evaluating: musique
[magrpo] em = 0.40132395531650805
[base] em = 0.399669011170873
wrote /data/home/scwb515/run/yangrunde/magrpo_baseline/runs/musique/paracloud_parallel_160135/eval/last/summary.json
[02:33:11] done: musique
