cuda-12.8 loaded successful
[00:14:16] checking vendored files
[vendor] MISSING SOURCE: /data/run01/scwb515/yangrunde/src/protocol_json.py
[vendor] MISSING SOURCE: /data/run01/scwb515/yangrunde/gsm/src/data.py
[vendor] MISSING SOURCE: /data/run01/scwb515/yangrunde/gsm/src/grader.py
[vendor] MISSING SOURCE: /data/run01/scwb515/yangrunde/gsm/src/agents.py
[vendor] MISSING SOURCE: /data/run01/scwb515/yangrunde/src/math_eval.py
[vendor] MISSING SOURCE: /data/run01/scwb515/yangrunde/src/data.py
[vendor] MISSING SOURCE: /data/run01/scwb515/yangrunde/src/grader.py
[vendor] MISSING SOURCE: /data/run01/scwb515/yangrunde/conifer_training_hub/02_protocol/conifer_protocol.py
[vendor] MISSING SOURCE: /data/run01/scwb515/yangrunde/conifer_training_hub/04_judge/conifer_scoring.py
[vendor] MISSING SOURCE: /data/run01/scwb515/yangrunde/Code/MultiPL-E/scripts/multipl_e_completion_adapter.py
[vendor] MISSING SOURCE: /data/run01/scwb515/yangrunde/experiments/math_rl_mas_thinking/build_eval_shard_root.py
[vendor] MISSING SOURCE: /data/run01/scwb515/yangrunde/scripts/math_gpu_guard.sh
[vendor] FAILED to excerpt OLD_SFT_SYSTEM_PROMPT_TEMPLATE from scripts/run_sft_old_protocol.py
[vendor] checked 0/12 files into /data/run01/scwb515/yangrunde/magrpo_baseline/vendor
[00:14:16] WARNING: vendored files differ from upstream (see message above)
[00:14:16] checking interpreters
[W912 00:14:33.853199217 AllocatorConfig.cpp:28] Warning: PYTORCH_CUDA_ALLOC_CONF is deprecated, use PYTORCH_ALLOC_CONF instead (function operator())
[00:14:33] validating config
  task=gsm_hard G=8 B=24 joint_mode=synchronous gpu_plan=split44 lora_naming=inplace prefix_cache=False
[00:14:33] checking model directories
[00:14:33] training: gsm_hard
WARNING: Optimizer state is unavailable. This is a new phase with fresh optimizer, iteration counter and prompt pool; not an exact resume.
Loading checkpoint shards:   0%|          | 0/2 [00:00<?, ?it/s]Loading checkpoint shards: 100%|██████████| 2/2 [00:00<00:00, 82.09it/s]
Loading checkpoint shards:   0%|          | 0/3 [00:00<?, ?it/s]Loading checkpoint shards: 100%|██████████| 3/3 [00:00<00:00, 95.36it/s]
Loading checkpoint shards:   0%|          | 0/5 [00:00<?, ?it/s]Loading checkpoint shards: 100%|██████████| 5/5 [00:00<00:00, 156.42it/s]
[00:16:12] pool: 1187 prompts
[00:16:13] published warm-start adapters before first rollout
`use_cache=True` is incompatible with gradient checkpointing. Setting `use_cache=False`.
/data/run01/scwb515/yangrunde/magrpo_baseline/magrpo/trainer.py:300: UserWarning: Converting a tensor with requires_grad=True to a scalar may lead to unexpected behavior.
Consider using tensor.detach() first. (Triggered internally at /pytorch/torch/csrc/autograd/generated/python_variable_methods.cpp:836.)
  totals["loss"] += float(loss)
[01:19:10] iter 0: reward=0.6979 degenerate=22/36 rows=[A1:105 A2:223 A3:211] 3777.0s
[02:28:52] iter 1: reward=0.6094 degenerate=34/48 rows=[A1:100 A2:212 A3:216] 4182.4s
[03:36:34] iter 2: reward=0.7396 degenerate=33/48 rows=[A1:119 A2:228 A3:232] 4061.8s
[04:43:57] iter 3: reward=0.7135 degenerate=36/48 rows=[A1:69 A2:189 A3:187] 4043.0s
[05:56:58] iter 4: reward=0.6068 degenerate=34/48 rows=[A1:92 A2:217 A3:207] 4381.0s
[06:51:20] iter 5: reward=0.6250 degenerate=23/36 rows=[A1:74 A2:202 A3:196] 3261.4s
[07:57:52] iter 6: reward=0.7474 degenerate=36/48 rows=[A1:81 A2:188 A3:176] 3991.6s
[09:11:55] iter 7: reward=0.7979 degenerate=48/60 rows=[A1:87 A2:187 A3:182] 4443.4s
[10:23:56] iter 8: reward=0.5729 degenerate=35/48 rows=[A1:77 A2:207 A3:195] 4320.9s
[11:29:23] iter 9: reward=0.7865 degenerate=36/48 rows=[A1:75 A2:183 A3:184] 3926.9s
[12:39:59] iter 10: reward=0.7318 degenerate=35/48 rows=[A1:99 A2:203 A3:201] 4235.8s
[13:35:48] iter 11: reward=0.6181 degenerate=24/36 rows=[A1:72 A2:184 A3:184] 3349.6s
[14:42:12] iter 12: reward=0.7656 degenerate=36/48 rows=[A1:85 A2:189 A3:187] 3983.7s
[15:34:10] iter 13: reward=0.6111 degenerate=22/36 rows=[A1:94 A2:217 A3:214] 3118.1s
[16:24:09] iter 14: reward=0.5660 degenerate=24/36 rows=[A1:72 A2:183 A3:179] 2999.0s
[17:35:05] iter 15: reward=0.6380 degenerate=33/48 rows=[A1:132 A2:233 A3:231] 4255.4s
[18:58:50] iter 16: reward=0.6813 degenerate=48/60 rows=[A1:78 A2:185 A3:182] 5024.8s
[20:05:22] iter 17: reward=0.6510 degenerate=34/48 rows=[A1:100 A2:222 A3:219] 3992.7s
[21:32:06] iter 18: reward=0.5896 degenerate=48/60 rows=[A1:89 A2:187 A3:186] 5203.8s
[22:35:01] iter 19: reward=0.7682 degenerate=36/48 rows=[A1:100 A2:189 A3:185] 3774.3s
[22:35:01] wall-clock budget reached; stopping
done: /data/home/scwb515/run/yangrunde/magrpo_baseline/runs/gsm_hard/paracloud_parallel_160133
[W912 22:35:05.746178985 AllocatorConfig.cpp:28] Warning: PYTORCH_CUDA_ALLOC_CONF is deprecated, use PYTORCH_ALLOC_CONF instead (function operator())
[22:35:05] evaluating: gsm_hard
[magrpo] em = 0.6590909090909091
[base] em = 0.6363636363636364
wrote /data/home/scwb515/run/yangrunde/magrpo_baseline/runs/gsm_hard/paracloud_parallel_160133/eval/last/summary.json
[00:53:27] done: gsm_hard
