cuda-12.8 loaded successful
[22:49:26] checking vendored files
[vendor] MISSING SOURCE: /data/run01/scwb515/yangrunde/src/protocol_json.py
[vendor] MISSING SOURCE: /data/run01/scwb515/yangrunde/gsm/src/data.py
[vendor] MISSING SOURCE: /data/run01/scwb515/yangrunde/gsm/src/grader.py
[vendor] MISSING SOURCE: /data/run01/scwb515/yangrunde/gsm/src/agents.py
[vendor] MISSING SOURCE: /data/run01/scwb515/yangrunde/src/math_eval.py
[vendor] MISSING SOURCE: /data/run01/scwb515/yangrunde/src/data.py
[vendor] MISSING SOURCE: /data/run01/scwb515/yangrunde/src/grader.py
[vendor] MISSING SOURCE: /data/run01/scwb515/yangrunde/conifer_training_hub/02_protocol/conifer_protocol.py
[vendor] MISSING SOURCE: /data/run01/scwb515/yangrunde/conifer_training_hub/04_judge/conifer_scoring.py
[vendor] MISSING SOURCE: /data/run01/scwb515/yangrunde/Code/MultiPL-E/scripts/multipl_e_completion_adapter.py
[vendor] MISSING SOURCE: /data/run01/scwb515/yangrunde/experiments/math_rl_mas_thinking/build_eval_shard_root.py
[vendor] MISSING SOURCE: /data/run01/scwb515/yangrunde/scripts/math_gpu_guard.sh
[vendor] FAILED to excerpt OLD_SFT_SYSTEM_PROMPT_TEMPLATE from scripts/run_sft_old_protocol.py
[vendor] checked 0/12 files into /data/run01/scwb515/yangrunde/magrpo_baseline/vendor
[22:49:26] WARNING: vendored files differ from upstream (see message above)
[22:49:26] checking interpreters
[W911 22:49:33.766538776 AllocatorConfig.cpp:28] Warning: PYTORCH_CUDA_ALLOC_CONF is deprecated, use PYTORCH_ALLOC_CONF instead (function operator())
[22:49:34] validating config
  task=conifer G=8 B=24 joint_mode=synchronous gpu_plan=split44 lora_naming=inplace prefix_cache=False
[22:49:34] checking model directories
[22:49:34] training: conifer
Loading checkpoint shards:   0%|          | 0/2 [00:00<?, ?it/s]Loading checkpoint shards: 100%|██████████| 2/2 [00:00<00:00, 66.49it/s]
Loading checkpoint shards:   0%|          | 0/3 [00:00<?, ?it/s]Loading checkpoint shards: 100%|██████████| 3/3 [00:00<00:00, 95.42it/s]
Loading checkpoint shards:   0%|          | 0/5 [00:00<?, ?it/s]Loading checkpoint shards: 100%|██████████| 5/5 [00:00<00:00, 156.44it/s]
[22:51:07] pool: 10813 prompts
`use_cache=True` is incompatible with gradient checkpointing. Setting `use_cache=False`.
/data/run01/scwb515/yangrunde/magrpo_baseline/magrpo/trainer.py:300: UserWarning: Converting a tensor with requires_grad=True to a scalar may lead to unexpected behavior.
Consider using tensor.detach() first. (Triggered internally at /pytorch/torch/csrc/autograd/generated/python_variable_methods.cpp:836.)
  totals["loss"] += float(loss)
[23:17:17] iter 0: reward=0.9138 degenerate=24/36 rows=[A1:184 A2:191 A3:188] 1570.4s
[01:31:23] iter 1: reward=0.9204 degenerate=23/36 rows=[A1:198 A2:205 A3:205] 8045.2s
[03:26:41] iter 2: reward=0.9149 degenerate=9/24 rows=[A1:227 A2:235 A3:230] 6918.4s
[05:52:50] iter 3: reward=0.9223 degenerate=23/36 rows=[A1:192 A2:208 A3:207] 8768.9s
[08:39:24] iter 4: reward=0.9318 degenerate=22/36 rows=[A1:207 A2:223 A3:222] 9994.5s
[11:16:27] iter 5: reward=0.9281 degenerate=19/36 rows=[A1:259 A2:272 A3:271] 9422.7s
[13:02:18] iter 6: reward=0.8848 degenerate=12/24 rows=[A1:182 A2:192 A3:192] 6350.4s
[17:38:35] iter 7: reward=0.9431 degenerate=44/60 rows=[A1:248 A2:256 A3:252] 16577.8s
[20:08:56] iter 8: reward=0.9584 degenerate=24/36 rows=[A1:186 A2:192 A3:190] 9020.2s
[22:38:43] iter 9: reward=0.9391 degenerate=24/36 rows=[A1:186 A2:192 A3:191] 8987.6s
[01:14:26] iter 10: reward=0.9370 degenerate=21/36 rows=[A1:235 A2:240 A3:235] 9342.5s
[01:14:26] wall-clock budget reached; stopping
done: /data/home/scwb515/run/yangrunde/magrpo_baseline/runs/conifer/paracloud_parallel_160134
[W913 01:14:30.805306316 AllocatorConfig.cpp:28] Warning: PYTORCH_CUDA_ALLOC_CONF is deprecated, use PYTORCH_ALLOC_CONF instead (function operator())
[01:14:30] evaluating: conifer
[magrpo] mean_final_hard_score = 0.9397702567760342
[base] mean_final_hard_score = 0.9412884450784593
wrote /data/home/scwb515/run/yangrunde/magrpo_baseline/runs/conifer/paracloud_parallel_160134/eval/last/summary.json
[16:19:35] done: conifer
